3
0
1, 1
2, 2
3, 3
4, 5
5, 8
42
10
10
0
0
1
1
1
1
1
0
1
0